// Vitest Snapshot v1, https://vitest.dev/guide/snapshot.html

exports[`Bee Parser > Chunking > Text 1`] = `
{
  "final_answer": "I need to search Colorado, find

 the
 area that the eastern sector of the Colorado extends into, then find the elevation range of the area.



Extra Content.",
}
`;

exports[`Bee Parser > Chunking > Text 2`] = `
{
  "final_answer": "ABC",
}
`;

exports[`ReAct Parser > Chunking > Text 2`] = `
{
  "final_answer": "ABC",
}
`;
