// Vitest Snapshot v1, https://vitest.dev/guide/snapshot.html

exports[`Emitter > Complex workflow > Emits events in-order 1`] = `
[
  [
    "start",
    {
      "a": 1,
    },
  ],
  [
    "success",
    "a",
  ],
  [
    "success",
    "b",
  ],
  [
    "start",
    {
      "a": 2,
    },
  ],
  [
    "start",
    {
      "a": 3,
    },
  ],
  [
    "success",
    "c",
  ],
]
`;
